// Jest Snapshot v1, https://goo.gl/fbAQLP

exports[`PokemonOptions component should match with snapshot 1`] = `
<div class="options-container">
  <ul>
    <li>bulbasaur</li>
    <li>ivysaur</li>
    <li>venusaur</li>
    <li>charmander</li>
  </ul>
</div>
`;
